// Jest Snapshot v1, https://goo.gl/fbAQLP

exports[`<Listing Card/> Renders correctly 1`] = `
<View
  style={
    Object {
      "backgroundColor": "#fff",
      "borderRadius": 5,
      "elevation": 6,
      "flex": 1,
      "flexDirection": "row",
      "height": 175,
      "margin": 10,
      "shadowColor": "#000",
      "shadowOffset": Object {
        "height": 3,
        "width": 0,
      },
      "shadowOpacity": 0.2,
      "shadowRadius": 4.65,
      "width": "100%",
    }
  }
>
  <Image
    source={1}
    style={
      Object {
        "borderBottomLeftRadius": 5,
        "borderTopLeftRadius": 5,
        "height": 175,
        "width": "50%",
      }
    }
  />
  <View
    style={
      Object {
        "flex": 1,
        "padding": 10,
      }
    }
  >
    <Text
      numberOfLines={1}
      style={
        Object {
          "color": "#252F3F",
          "fontFamily": "Inter_700Bold",
          "fontSize": 14,
        }
      }
    >
      McDonald's Sydney
    </Text>
    <View
      style={
        Object {
          "flexDirection": "row",
          "marginTop": 8,
        }
      }
    >
      <Text
        numberOfLines={2}
        style={
          Object {
            "color": "#252F3F",
            "fontFamily": "Inter_500Medium",
            "fontSize": 10,
            "marginBottom": 7,
            "paddingLeft": 7,
            "width": "80%",
          }
        }
      >
        135 John Street
      </Text>
    </View>
    <View
      style={
        Object {
          "flexDirection": "row",
          "marginTop": 2,
        }
      }
    >
      <Text
        numberOfLines={1}
        style={
          Object {
            "color": "#252F3F",
            "fontFamily": "Inter_500Medium",
            "fontSize": 10,
            "marginBottom": 7,
            "paddingLeft": 7,
            "paddingTop": 3,
            "width": "85%",
          }
        }
      >
        Hotel
      </Text>
    </View>
    <View
      style={
        Object {
          "flexDirection": "row",
          "marginTop": 10,
        }
      }
    >
      <Text
        numberOfLines={1}
        style={
          Object {
            "color": "#252F3F",
            "fontFamily": "Inter_500Medium",
            "fontSize": 10,
            "marginTop": 1.5,
            "paddingLeft": 9,
            "width": "85%",
          }
        }
      >
        American
      </Text>
    </View>
    <View
      style={
        Object {
          "flexDirection": "row",
          "marginTop": 10,
        }
      }
    >
      <Text
        numberOfLines={1}
        style={
          Object {
            "color": "#252F3F",
            "fontFamily": "Inter_500Medium",
            "fontSize": 10,
            "marginBottom": 7,
            "paddingLeft": 7,
            "paddingTop": 3,
            "width": "85%",
          }
        }
      >
        4
        /5
      </Text>
    </View>
    <View
      style={
        Object {
          "flexDirection": "row",
        }
      }
    >
      <View
        accessible={true}
        focusable={true}
        onClick={[Function]}
        onResponderGrant={[Function]}
        onResponderMove={[Function]}
        onResponderRelease={[Function]}
        onResponderTerminate={[Function]}
        onResponderTerminationRequest={[Function]}
        onStartShouldSetResponder={[Function]}
        style={
          Object {
            "borderRadius": 5,
            "flexDirection": "row",
            "marginTop": 3,
          }
        }
      >
        <ViewManagerAdapter_ExpoLinearGradient
          proxiedProperties={
            Object {
              "colors": Array [
                4279680458,
                4282352632,
              ],
              "endPoint": Array [
                1,
                1,
              ],
              "locations": undefined,
              "startPoint": Array [
                0,
                0,
              ],
            }
          }
          style={
            Object {
              "borderRadius": 5,
              "elevation": 6,
              "shadowColor": "#000",
              "shadowOffset": Object {
                "height": 3,
                "width": 0,
              },
              "shadowOpacity": 0.2,
              "shadowRadius": 4.65,
              "width": "100%",
            }
          }
        >
          <Text
            style={
              Object {
                "color": "#fff",
                "fontFamily": "Inter_500Medium",
                "fontSize": 12,
                "padding": 5,
                "textAlign": "center",
              }
            }
          >
            View More
          </Text>
        </ViewManagerAdapter_ExpoLinearGradient>
      </View>
    </View>
  </View>
</View>
`;

exports[`<Listing Card/> Renders different data correctly 1`] = `
<View
  style={
    Object {
      "backgroundColor": "#fff",
      "borderRadius": 5,
      "elevation": 6,
      "flex": 1,
      "flexDirection": "row",
      "height": 175,
      "margin": 10,
      "shadowColor": "#000",
      "shadowOffset": Object {
        "height": 3,
        "width": 0,
      },
      "shadowOpacity": 0.2,
      "shadowRadius": 4.65,
      "width": "100%",
    }
  }
>
  <Image
    source={1}
    style={
      Object {
        "borderBottomLeftRadius": 5,
        "borderTopLeftRadius": 5,
        "height": 175,
        "width": "50%",
      }
    }
  />
  <View
    style={
      Object {
        "flex": 1,
        "padding": 10,
      }
    }
  >
    <Text
      numberOfLines={1}
      style={
        Object {
          "color": "#252F3F",
          "fontFamily": "Inter_700Bold",
          "fontSize": 14,
        }
      }
    >
      McDonald's Apple Sydney
    </Text>
    <View
      style={
        Object {
          "flexDirection": "row",
          "marginTop": 8,
        }
      }
    >
      <Text
        numberOfLines={2}
        style={
          Object {
            "color": "#252F3F",
            "fontFamily": "Inter_500Medium",
            "fontSize": 10,
            "marginBottom": 7,
            "paddingLeft": 7,
            "width": "80%",
          }
        }
      >
        136 John Street
      </Text>
    </View>
    <View
      style={
        Object {
          "flexDirection": "row",
          "marginTop": 2,
        }
      }
    >
      <Text
        numberOfLines={1}
        style={
          Object {
            "color": "#252F3F",
            "fontFamily": "Inter_500Medium",
            "fontSize": 10,
            "marginBottom": 7,
            "paddingLeft": 7,
            "paddingTop": 3,
            "width": "85%",
          }
        }
      >
        Tourism
      </Text>
    </View>
    <View
      style={
        Object {
          "flexDirection": "row",
          "marginTop": 10,
        }
      }
    >
      <Text
        numberOfLines={1}
        style={
          Object {
            "color": "#252F3F",
            "fontFamily": "Inter_500Medium",
            "fontSize": 10,
            "marginTop": 1.5,
            "paddingLeft": 9,
            "width": "85%",
          }
        }
      >
        Korean
      </Text>
    </View>
    <View
      style={
        Object {
          "flexDirection": "row",
          "marginTop": 10,
        }
      }
    >
      <Text
        numberOfLines={1}
        style={
          Object {
            "color": "#252F3F",
            "fontFamily": "Inter_500Medium",
            "fontSize": 10,
            "marginBottom": 7,
            "paddingLeft": 7,
            "paddingTop": 3,
            "width": "85%",
          }
        }
      >
        2.5
        /5
      </Text>
    </View>
    <View
      style={
        Object {
          "flexDirection": "row",
        }
      }
    >
      <View
        accessible={true}
        focusable={true}
        onClick={[Function]}
        onResponderGrant={[Function]}
        onResponderMove={[Function]}
        onResponderRelease={[Function]}
        onResponderTerminate={[Function]}
        onResponderTerminationRequest={[Function]}
        onStartShouldSetResponder={[Function]}
        style={
          Object {
            "borderRadius": 5,
            "flexDirection": "row",
            "marginTop": 3,
          }
        }
      >
        <ViewManagerAdapter_ExpoLinearGradient
          proxiedProperties={
            Object {
              "colors": Array [
                4279680458,
                4282352632,
              ],
              "endPoint": Array [
                1,
                1,
              ],
              "locations": undefined,
              "startPoint": Array [
                0,
                0,
              ],
            }
          }
          style={
            Object {
              "borderRadius": 5,
              "elevation": 6,
              "shadowColor": "#000",
              "shadowOffset": Object {
                "height": 3,
                "width": 0,
              },
              "shadowOpacity": 0.2,
              "shadowRadius": 4.65,
              "width": "100%",
            }
          }
        >
          <Text
            style={
              Object {
                "color": "#fff",
                "fontFamily": "Inter_500Medium",
                "fontSize": 12,
                "padding": 5,
                "textAlign": "center",
              }
            }
          >
            View More
          </Text>
        </ViewManagerAdapter_ExpoLinearGradient>
      </View>
    </View>
  </View>
</View>
`;

exports[`<Listing Card/> Renders empty fragment if missing data 1`] = `null`;
